Microchip MPLAB XC8 Compiler V1.12 ()

Linker command line:

--edf=C:\Program Files (x86)\Microchip\xc8\v1.12\dat\en_msgs.txt -cs \
  -h+1509.sym -z -Q16F1509 -ol.obj -M1509.map -E1 -ver=XC8 \
  -ACONST=00h-0FFhx32 -ACODE=00h-07FFhx4 -ASTRCODE=00h-01FFFh \
  -AENTRY=00h-0FFhx32 -ASTRING=00h-0FFhx32 -ACOMMON=070h-07Fh \
  -ABANK0=020h-06Fh -ABANK1=0A0h-0EFh -ABANK2=0120h-016Fh \
  -ABANK3=01A0h-01EFh -ABANK4=0220h-026Fh -ABANK5=02A0h-02EFh \
  -ABANK6=0320h-032Fh -ABIGRAM=02000h-021EFh \
  -ARAM=020h-06Fh,0A0h-0EFh,0120h-016Fh,01A0h-01EFh,0220h-026Fh,02A0h-02EFh,0320h-032Fh \
  -AABS1=020h-07Fh,0A0h-0EFh,0120h-016Fh,01A0h-01EFh,0220h-026Fh,02A0h-02EFh,0320h-032Fh \
  -ASFR0=00h-01Fh -ASFR1=080h-09Fh -ASFR2=0100h-011Fh -ASFR3=0180h-019Fh \
  -ASFR4=0200h-021Fh -ASFR5=0280h-029Fh -ASFR6=0300h-031Fh \
  -ASFR7=0380h-03EFh -ASFR8=0400h-046Fh -ASFR9=0480h-04EFh \
  -ASFR10=0500h-056Fh -ASFR11=0580h-05EFh -ASFR12=0600h-066Fh \
  -ASFR13=0680h-06EFh -ASFR14=0700h-076Fh -ASFR15=0780h-07EFh \
  -ASFR16=0800h-086Fh -ASFR17=0880h-08EFh -ASFR18=0900h-096Fh \
  -ASFR19=0980h-09EFh -ASFR20=0A00h-0A6Fh -ASFR21=0A80h-0AEFh \
  -ASFR22=0B00h-0B6Fh -ASFR23=0B80h-0BEFh -ASFR24=0C00h-0C6Fh \
  -ASFR25=0C80h-0CEFh -ASFR26=0D00h-0D6Fh -ASFR27=0D80h-0DEFh \
  -ASFR28=0E00h-0E6Fh -ASFR29=0E80h-0EEFh -ASFR30=0F00h-0F6Fh \
  -ASFR31=0F80h-0FEFh -preset_vec=00h,intentry=04h,init,end_init \
  -ppowerup=CODE -pfunctab=CODE -ACONFIG=08007h-08008h -pconfig=CONFIG \
  -DCONFIG=2 -AIDLOC=08000h-08003h -pidloc=IDLOC -DIDLOC=2 -DCODE=2 \
  -DSTRCODE=2 -DSTRING=2 -DCONST=2 -DENTRY=2 -k startup.obj 1509.obj 

Object code version is 3.10

Machine type is 16F1509



                Name                               Link     Load   Length Selector   Space Scale
startup.obj     end_init                             4B       4B        2        8       0
                reset_vec                             0        0        2        0       0
1509.obj        intentry                              4        4       47        8       0
                text404                             46D      46D       23      8DA       0
                cstackBANK0                          53       53       11       20       1
                cstackCOMMON                         70       70        B       70       1
                clrtext                             490      490        6      8DA       0
                bssBANK1                             A0       A0       3C       A0       1
                bssBANK0                             20       20       33       20       1
                bitbssCOMMON                        3D8       7B        1       70       1     8
                cinit                                4D       4D      3D8        8       0
                strings                             425      425       48      84A       0

TOTAL           Name                               Link     Load   Length     Space
        CLASS   CONST          

        CLASS   CODE           
                end_init                             4B       4B        2         0
                intentry                              4        4       47         0
                reset_vec                             0        0        2         0
                text404                             46D      46D       23         0
                clrtext                             490      490        6         0
                cinit                                4D       4D      3D8         0

        CLASS   STRCODE        

        CLASS   ENTRY          

        CLASS   STRING         
                strings                             425      425       48         0

        CLASS   COMMON         
                cstackCOMMON                         70       70        B         1
                bitbssCOMMON                        3D8       7B        1         1

        CLASS   BANK0          
                cstackBANK0                          53       53       11         1
                bssBANK0                             20       20       33         1

        CLASS   BANK1          
                bssBANK1                             A0       A0       3C         1

        CLASS   BANK2          

        CLASS   BANK3          

        CLASS   BANK4          

        CLASS   BANK5          

        CLASS   BANK6          

        CLASS   BIGRAM         

        CLASS   RAM            

        CLASS   ABS1           
                abs_s1                               7E       7E        2         1

        CLASS   SFR0           

        CLASS   SFR1           

        CLASS   SFR2           

        CLASS   SFR3           

        CLASS   SFR4           

        CLASS   SFR5           

        CLASS   SFR6           

        CLASS   SFR7           

        CLASS   SFR8           

        CLASS   SFR9           

        CLASS   SFR10          

        CLASS   SFR11          

        CLASS   SFR12          

        CLASS   SFR13          

        CLASS   SFR14          

        CLASS   SFR15          

        CLASS   SFR16          

        CLASS   SFR17          

        CLASS   SFR18          

        CLASS   SFR19          

        CLASS   SFR20          

        CLASS   SFR21          

        CLASS   SFR22          

        CLASS   SFR23          

        CLASS   SFR24          

        CLASS   SFR25          

        CLASS   SFR26          

        CLASS   SFR27          

        CLASS   SFR28          

        CLASS   SFR29          

        CLASS   SFR30          

        CLASS   SFR31          

        CLASS   CONFIG         

        CLASS   IDLOC          

        CLASS   BANK31         

        CLASS   BANK30         

        CLASS   BANK29         

        CLASS   BANK28         

        CLASS   BANK27         

        CLASS   BANK26         

        CLASS   BANK25         

        CLASS   BANK24         

        CLASS   BANK23         

        CLASS   BANK22         

        CLASS   BANK21         

        CLASS   BANK20         

        CLASS   BANK19         

        CLASS   BANK18         

        CLASS   BANK17         

        CLASS   BANK16         

        CLASS   BANK15         

        CLASS   BANK14         

        CLASS   BANK13         

        CLASS   BANK12         

        CLASS   BANK11         

        CLASS   BANK10         

        CLASS   BANK9          

        CLASS   BANK8          

        CLASS   BANK7          

        CLASS   EEDATA         



SEGMENTS        Name                           Load    Length   Top    Selector   Space  Class     Delta

                reset_vec                      000000  000002  000002         0       0  CODE        2
                intentry                       000004  000421  000425         8       0  CODE        2
                bssBANK0                       000020  000044  000064        20       1  BANK0       1
                cstackCOMMON                   000070  00000C  00007C        70       1  COMMON      1
                bssBANK1                       0000A0  00003C  0000DC        A0       1  BANK1       1
                strings                        000425  000048  00046D       84A       0  STRING      2
                text404                        00046D  000029  000496       8DA       0  CODE        2


UNUSED ADDRESS RANGES

        Name                Unused          Largest block    Delta
        BANK0            064-06F             C           1
        BANK1            0DC-0EF            14           1
        BANK2            120-16F            50           1
        BANK3            1A0-1EF            50           1
        BANK4            220-26F            50           1
        BANK5            2A0-2EF            50           1
        BANK6            320-32F            10           1
        BIGRAM           2000-21EF           1F0           1
        CODE             002-003             2           2
                         496-1FFF           800
        COMMON           07C-07D             2           1
        CONFIG           8007-8008             2           2
        CONST            002-003             2           2
                         496-1FFF           100
        ENTRY            002-003             2           2
                         496-1FFF           100
        IDLOC            8000-8003             4           2
        RAM              064-06F             C           1
                         0DC-0EF            14
                         120-16F            50
                         1A0-1EF            50
                         220-26F            50
                         2A0-2EF            50
                         320-32F            10
        SFR0             000-01F            20           1
        SFR1             080-09F            20           1
        SFR10            500-56F            70           1
        SFR11            580-5EF            70           1
        SFR12            600-66F            70           1
        SFR13            680-6EF            70           1
        SFR14            700-76F            70           1
        SFR15            780-7EF            70           1
        SFR16            800-86F            70           1
        SFR17            880-8EF            70           1
        SFR18            900-96F            70           1
        SFR19            980-9EF            70           1
        SFR2             100-11F            20           1
        SFR20            A00-A6F            70           1
        SFR21            A80-AEF            70           1
        SFR22            B00-B6F            70           1
        SFR23            B80-BEF            70           1
        SFR24            C00-C6F            70           1
        SFR25            C80-CEF            70           1
        SFR26            D00-D6F            70           1
        SFR27            D80-DEF            70           1
        SFR28            E00-E6F            70           1
        SFR29            E80-EEF            70           1
        SFR3             180-19F            20           1
        SFR30            F00-F6F            70           1
        SFR31            F80-FEF            70           1
        SFR4             200-21F            20           1
        SFR5             280-29F            20           1
        SFR6             300-31F            20           1
        SFR7             380-3EF            70           1
        SFR8             400-46F            70           1
        SFR9             480-4EF            70           1
        STRCODE          002-003             2           2
                         496-1FFF          1B6A
        STRING           002-003             2           2
                         496-1FFF           100

                                  Symbol Table

?___aldiv                cstackCOMMON 072
?___almod                cstackCOMMON 072
?___awdiv                cstackCOMMON 072
?___awmod                cstackCOMMON 072
?___bmul                 cstackCOMMON 072
?___lbdiv                cstackCOMMON 072
?___lbmod                cstackCOMMON 072
?___lwmod                cstackCOMMON 072
?_dylen                  cstackCOMMON 077
?_put2d                  cstackBANK0  053
PL10                     cinit        240
PL12                     cinit        246
PL14                     cinit        41C
PL16                     cinit        421
PL2                      cinit        3F9
PL4                      cinit        406
PL6                      cinit        238
PL8                      cinit        413
_ADCON0                  (abs)        09D
_ADCON1                  (abs)        09E
_ADIF                    (abs)        08E
_ANSELA                  (abs)        18C
_BRG16                   (abs)        CFB
_BRGH                    (abs)        CF2
_CLC1IE                  (abs)        498
_CLC1IF                  (abs)        098
_CM1CON0                 (abs)        111
_CREN                    (abs)        CEC
_FVRCON                  (abs)        117
_GIE                     (abs)        05F
_PEIE                    (abs)        05E
_PS0                     (abs)        4A8
_PS1                     (abs)        4A9
_PS2                     (abs)        4AA
_PSA                     (abs)        4AB
_RCIE                    (abs)        48D
_RCIF                    (abs)        08D
_RCREG                   (abs)        199
_SPBRGH                  (abs)        19C
_SPBRGL                  (abs)        19B
_SPEN                    (abs)        CEF
_SYNC                    (abs)        CF4
_T0CS                    (abs)        4AD
_T0IE                    (abs)        05D
_T0IF                    (abs)        05A
_T1CON                   (abs)        018
_TMR1H                   (abs)        017
_TMR1IE                  (abs)        488
_TMR1IF                  (abs)        088
_TMR1L                   (abs)        016
_TRISA                   (abs)        08C
_TRISB                   (abs)        08D
_TRISC                   (abs)        08E
_TXEN                    (abs)        CF5
_TXIE                    (abs)        48C
_TXIF                    (abs)        08C
_TXREG                   (abs)        19A
__Habs1                  abs1         000
__Hbank0                 bank0        000
__Hbank1                 bank1        000
__Hbank10                bank10       000
__Hbank11                bank11       000
__Hbank12                bank12       000
__Hbank13                bank13       000
__Hbank14                bank14       000
__Hbank15                bank15       000
__Hbank16                bank16       000
__Hbank17                bank17       000
__Hbank18                bank18       000
__Hbank19                bank19       000
__Hbank2                 bank2        000
__Hbank20                bank20       000
__Hbank21                bank21       000
__Hbank22                bank22       000
__Hbank23                bank23       000
__Hbank24                bank24       000
__Hbank25                bank25       000
__Hbank26                bank26       000
__Hbank27                bank27       000
__Hbank28                bank28       000
__Hbank29                bank29       000
__Hbank3                 bank3        000
__Hbank30                bank30       000
__Hbank31                bank31       000
__Hbank4                 bank4        000
__Hbank5                 bank5        000
__Hbank6                 bank6        000
__Hbank7                 bank7        000
__Hbank8                 bank8        000
__Hbank9                 bank9        000
__Hbigram                bigram       000
__HbitbssCOMMON          bitbssCOMMON 000
__HbssBANK0              bssBANK0     000
__HbssBANK1              bssBANK1     000
__Hcinit                 cinit        000
__Hclrtext               clrtext      000
__Hcode                  code         000
__Hcommon                common       000
__Hconfig                config       000
__HcstackBANK0           cstackBANK0  000
__HcstackCOMMON          cstackCOMMON 000
__Heeprom_data           eeprom_data  000
__Hend_init              end_init     04D
__Hfunctab               functab      000
__Hidloc                 idloc        000
__Hinit                  init         04B
__Hintentry              intentry     04B
__Hmaintext              maintext     000
__Hpa_nodes              pa_nodes     000
__Hpowerup               powerup      000
__Hram                   ram          000
__Hreset_vec             reset_vec    002
__Hsfr0                  sfr0         000
__Hsfr1                  sfr1         000
__Hsfr10                 sfr10        000
__Hsfr11                 sfr11        000
__Hsfr12                 sfr12        000
__Hsfr13                 sfr13        000
__Hsfr14                 sfr14        000
__Hsfr15                 sfr15        000
__Hsfr16                 sfr16        000
__Hsfr17                 sfr17        000
__Hsfr18                 sfr18        000
__Hsfr19                 sfr19        000
__Hsfr2                  sfr2         000
__Hsfr20                 sfr20        000
__Hsfr21                 sfr21        000
__Hsfr22                 sfr22        000
__Hsfr23                 sfr23        000
__Hsfr24                 sfr24        000
__Hsfr25                 sfr25        000
__Hsfr26                 sfr26        000
__Hsfr27                 sfr27        000
__Hsfr28                 sfr28        000
__Hsfr29                 sfr29        000
__Hsfr3                  sfr3         000
__Hsfr30                 sfr30        000
__Hsfr31                 sfr31        000
__Hsfr4                  sfr4         000
__Hsfr5                  sfr5         000
__Hsfr6                  sfr6         000
__Hsfr7                  sfr7         000
__Hsfr8                  sfr8         000
__Hsfr9                  sfr9         000
__Hstrings               strings      000
__Htext                  text         000
__Labs1                  abs1         000
__Lbank0                 bank0        000
__Lbank1                 bank1        000
__Lbank10                bank10       000
__Lbank11                bank11       000
__Lbank12                bank12       000
__Lbank13                bank13       000
__Lbank14                bank14       000
__Lbank15                bank15       000
__Lbank16                bank16       000
__Lbank17                bank17       000
__Lbank18                bank18       000
__Lbank19                bank19       000
__Lbank2                 bank2        000
__Lbank20                bank20       000
__Lbank21                bank21       000
__Lbank22                bank22       000
__Lbank23                bank23       000
__Lbank24                bank24       000
__Lbank25                bank25       000
__Lbank26                bank26       000
__Lbank27                bank27       000
__Lbank28                bank28       000
__Lbank29                bank29       000
__Lbank3                 bank3        000
__Lbank30                bank30       000
__Lbank31                bank31       000
__Lbank4                 bank4        000
__Lbank5                 bank5        000
__Lbank6                 bank6        000
__Lbank7                 bank7        000
__Lbank8                 bank8        000
__Lbank9                 bank9        000
__Lbigram                bigram       000
__LbitbssCOMMON          bitbssCOMMON 000
__LbssBANK0              bssBANK0     000
__LbssBANK1              bssBANK1     000
__Lcinit                 cinit        000
__Lclrtext               clrtext      000
__Lcode                  code         000
__Lcommon                common       000
__Lconfig                config       000
__LcstackBANK0           cstackBANK0  000
__LcstackCOMMON          cstackCOMMON 000
__Leeprom_data           eeprom_data  000
__Lend_init              end_init     04B
__Lfunctab               functab      000
__Lidloc                 idloc        000
__Linit                  init         04B
__Lintentry              intentry     004
__Lmaintext              maintext     000
__Lpa_nodes              pa_nodes     000
__Lpowerup               powerup      000
__Lram                   ram          000
__Lreset_vec             reset_vec    000
__Lsfr0                  sfr0         000
__Lsfr1                  sfr1         000
__Lsfr10                 sfr10        000
__Lsfr11                 sfr11        000
__Lsfr12                 sfr12        000
__Lsfr13                 sfr13        000
__Lsfr14                 sfr14        000
__Lsfr15                 sfr15        000
__Lsfr16                 sfr16        000
__Lsfr17                 sfr17        000
__Lsfr18                 sfr18        000
__Lsfr19                 sfr19        000
__Lsfr2                  sfr2         000
__Lsfr20                 sfr20        000
__Lsfr21                 sfr21        000
__Lsfr22                 sfr22        000
__Lsfr23                 sfr23        000
__Lsfr24                 sfr24        000
__Lsfr25                 sfr25        000
__Lsfr26                 sfr26        000
__Lsfr27                 sfr27        000
__Lsfr28                 sfr28        000
__Lsfr29                 sfr29        000
__Lsfr3                  sfr3         000
__Lsfr30                 sfr30        000
__Lsfr31                 sfr31        000
__Lsfr4                  sfr4         000
__Lsfr5                  sfr5         000
__Lsfr6                  sfr6         000
__Lsfr7                  sfr7         000
__Lsfr8                  sfr8         000
__Lsfr9                  sfr9         000
__Lstrings               strings      000
__Ltext                  text         000
__S0                     (abs)        496
__S1                     (abs)        0DC
___aldiv                 cinit        2E7
___aldiv@counter         cstackBANK0  053
___aldiv@dividend        cstackCOMMON 076
___aldiv@divisor         cstackCOMMON 072
___aldiv@quotient        cstackBANK0  055
___aldiv@sign            cstackBANK0  054
___almod                 cinit        353
___almod@counter         cstackBANK0  053
___almod@dividend        cstackCOMMON 076
___almod@divisor         cstackCOMMON 072
___almod@sign            cstackBANK0  054
___awdiv                 cinit        1BB
___awdiv@counter         cstackCOMMON 076
___awdiv@dividend        cstackCOMMON 074
___awdiv@divisor         cstackCOMMON 072
___awdiv@quotient        cstackCOMMON 078
___awdiv@sign            cstackCOMMON 077
___awmod                 cinit        182
___awmod@counter         cstackCOMMON 076
___awmod@dividend        cstackCOMMON 074
___awmod@divisor         cstackCOMMON 072
___awmod@sign            cstackCOMMON 077
___bmul                  cinit        176
___bmul@multiplicand     cstackCOMMON 072
___bmul@multiplier       cstackCOMMON 074
___bmul@product          cstackCOMMON 073
___lbdiv                 cinit        213
___lbdiv@counter         cstackCOMMON 074
___lbdiv@dividend        cstackCOMMON 073
___lbdiv@divisor         cstackCOMMON 072
___lbdiv@quotient        cstackCOMMON 075
___lbmod                 cinit        1FB
___lbmod@counter         cstackCOMMON 075
___lbmod@dividend        cstackCOMMON 074
___lbmod@divisor         cstackCOMMON 072
___lbmod@rem             cstackCOMMON 076
___lwmod                 cinit        3D9
___lwmod@counter         cstackCOMMON 076
___lwmod@dividend        cstackCOMMON 074
___lwmod@divisor         cstackCOMMON 072
__end_ofPL10             cinit        246
__end_ofPL12             cinit        24C
__end_ofPL14             cinit        421
__end_ofPL16             cinit        425
__end_ofPL2              cinit        406
__end_ofPL4              cinit        413
__end_ofPL6              cinit        240
__end_ofPL8              cinit        41C
__end_of___aldiv         cinit        353
__end_of___almod         cinit        3B4
__end_of___awdiv         cinit        1FB
__end_of___awmod         cinit        1BB
__end_of___bmul          cinit        182
__end_of___lbdiv         cinit        22B
__end_of___lbmod         cinit        213
__end_of___lwmod         cinit        3F9
__end_of__initialization cinit        05E
__end_of__stringdata     strings      46D
__end_of__stringtab      strings      426
__end_of_asctime         cinit        14F
__end_of_ctime           cinit        0BE
__end_of_dylen           cinit        3D9
__end_of_gmtime          cinit        2E7
__end_of_isr             intentry     04B
__end_of_localtime       cinit        238
__end_of_main            cinit        0B9
__end_of_moninit         strings      432
__end_of_put2d           cinit        176
__end_of_term            text404      490
__initialization         cinit        04D
__pbitbssCOMMON          bitbssCOMMON 3D8
__pbssBANK0              bssBANK0     020
__pbssBANK1              bssBANK1     0A0
__pcstackBANK0           cstackBANK0  053
__pcstackCOMMON          cstackCOMMON 070
__pintentry              intentry     004
__pmaintext              cinit        060
__pstrings               strings      425
__ptext389               cinit        0B9
__ptext390               cinit        22B
__ptext391               cinit        24C
__ptext392               cinit        3B4
__ptext393               cinit        0BE
__ptext394               cinit        14F
__ptext395               cinit        176
__ptext396               cinit        3D9
__ptext397               cinit        213
__ptext398               cinit        1FB
__ptext399               cinit        1BB
__ptext400               cinit        353
__ptext401               cinit        2E7
__ptext402               cinit        182
__ptext404               text404      46D
__ptext405               text405      000
__size_of___aldiv        (abs)        000
__size_of___almod        (abs)        000
__size_of___awdiv        (abs)        000
__size_of___awmod        (abs)        000
__size_of___bmul         (abs)        000
__size_of___lbdiv        (abs)        000
__size_of___lbmod        (abs)        000
__size_of___lwmod        (abs)        000
__size_of_asctime        (abs)        000
__size_of_ctime          (abs)        000
__size_of_dylen          (abs)        000
__size_of_gmtime         (abs)        000
__size_of_isr            (abs)        000
__size_of_localtime      (abs)        000
__size_of_main           (abs)        000
__size_of_put2d          (abs)        000
__size_of_term           (abs)        000
__stringdata             strings      432
__stringtab              strings      425
_asctime                 cinit        0BE
_ctime                   cinit        0B9
_dylen                   cinit        3B4
_gmtime                  cinit        24C
_isr                     intentry     004
_localtime               cinit        22B
_main                    cinit        060
_moninit                 strings      426
_put2d                   cinit        14F
_rxbufer                 bssBANK1     0A0
_st                      bssBANK0     020
_t_active                bitbssCOMMON 3D8
_term                    text404      46D
_txbufer                 bssBANK1     0BE
_txpos                   bssBANK0     021
_unixtime                bssBANK0     04F
asctime@buf              bssBANK0     022
asctime@cp               cstackBANK0  058
asctime@s                cstackBANK0  056
asctime@tim              cstackBANK0  057
btemp                    (abs)        07E
clear_ram                clrtext      490
ctime@tp                 cstackBANK0  063
dylen@yr                 cstackCOMMON 077
end_of_initialization    cinit        05E
gmtime@tc                cstackBANK0  05A
gmtime@tim               bssBANK0     03D
gmtime@tp                cstackBANK0  059
intlevel0                functab      000
intlevel1                functab      000
intlevel2                functab      000
intlevel3                functab      000
intlevel4                functab      000
intlevel5                functab      000
isr@bufer                cstackCOMMON 071
localtime@t              cstackBANK0  05F
localtime@tp             cstackBANK0  05E
put2d@cl                 cstackBANK0  054
put2d@cp                 cstackCOMMON 07A
put2d@ct                 cstackBANK0  055
put2d@i                  cstackBANK0  053
reset_vec                reset_vec    000
start                    init         04B
start_initialization     cinit        04D
term@t                   cstackCOMMON 070
wtemp0                   (abs)        07E


FUNCTION INFORMATION:

 *************** function _main *****************
 Defined at:
		line 52 in file "D:\_creatiff\_Projects\pic16f1509\fw\main.c"
 Parameters:    Size  Location     Type
		None
 Auto vars:     Size  Location     Type
  ptr             2    0        PTR unsigned char 
 Return value:  Size  Location     Type
		None               void
 Registers used:
		wreg, fsr0l, fsr0h, fsr1l, fsr1h, status,2, status,0, btemp+1, pclath, cstack
 Tracked objects:
		On entry : 
		On exit  : 
		Unchanged: 
 Data sizes:     COMMON   BANK0   BANK1   BANK2   BANK3   BANK4   BANK5   BANK6
      Params:         0       0       0       0       0       0       0       0
      Locals:         0       0       0       0       0       0       0       0
      Temps:          0       0       0       0       0       0       0       0
      Totals:         0       0       0       0       0       0       0       0
Total ram usage:        0 bytes
 Hardware stack levels required when called:    7
 This function calls:
		_ctime
 This function is called by:
		Startup code after reset
 This function uses a non-reentrant model


 *************** function _ctime *****************
 Defined at:
		line 104 in file "../../common/ctime.c"
 Parameters:    Size  Location     Type
  tp              1    wreg     PTR const long 
		 -> unixtime(4), 
 Auto vars:     Size  Location     Type
  tp              1   16[BANK0 ] PTR const long 
		 -> unixtime(4), 
 Return value:  Size  Location     Type
                  1    wreg      PTR unsigned char 
 Registers used:
		wreg, fsr0l, fsr0h, fsr1l, fsr1h, status,2, status,0, btemp+1, pclath, cstack
 Tracked objects:
		On entry : 
		On exit  : 
		Unchanged: 
 Data sizes:     COMMON   BANK0   BANK1   BANK2   BANK3   BANK4   BANK5   BANK6
      Params:         0       0       0       0       0       0       0       0
      Locals:         0       1       0       0       0       0       0       0
      Temps:          0       0       0       0       0       0       0       0
      Totals:         0       1       0       0       0       0       0       0
Total ram usage:        1 bytes
 Hardware stack levels used:    1
 Hardware stack levels required when called:    6
 This function calls:
		_localtime
		_asctime
 This function is called by:
		_main
 This function uses a non-reentrant model


 *************** function _localtime *****************
 Defined at:
		line 31 in file "../../common/ctime.c"
 Parameters:    Size  Location     Type
  tp              1    wreg     PTR const long 
		 -> unixtime(4), 
 Auto vars:     Size  Location     Type
  tp              1   11[BANK0 ] PTR const long 
		 -> unixtime(4), 
  t               4   12[BANK0 ] long 
 Return value:  Size  Location     Type
                  1    wreg      PTR struct tm
 Registers used:
		wreg, fsr1l, fsr1h, status,2, status,0, pclath, cstack
 Tracked objects:
		On entry : 
		On exit  : 
		Unchanged: 
 Data sizes:     COMMON   BANK0   BANK1   BANK2   BANK3   BANK4   BANK5   BANK6
      Params:         0       0       0       0       0       0       0       0
      Locals:         0       5       0       0       0       0       0       0
      Temps:          0       0       0       0       0       0       0       0
      Totals:         0       5       0       0       0       0       0       0
Total ram usage:        5 bytes
 Hardware stack levels used:    1
 Hardware stack levels required when called:    5
 This function calls:
		_gmtime
 This function is called by:
		_ctime
 This function uses a non-reentrant model


 *************** function _gmtime *****************
 Defined at:
		line 40 in file "../../common/ctime.c"
 Parameters:    Size  Location     Type
  tp              1    wreg     PTR const long 
		 -> localtime@t(4), 
 Auto vars:     Size  Location     Type
  tp              1    6[BANK0 ] PTR const long 
		 -> localtime@t(4), 
  tc              4    7[BANK0 ] struct .
 Return value:  Size  Location     Type
                  1    wreg      PTR struct tm
 Registers used:
		wreg, fsr1l, fsr1h, status,2, status,0, pclath, cstack
 Tracked objects:
		On entry : 
		On exit  : 
		Unchanged: 
 Data sizes:     COMMON   BANK0   BANK1   BANK2   BANK3   BANK4   BANK5   BANK6
      Params:         0       0       0       0       0       0       0       0
      Locals:         0       5       0       0       0       0       0       0
      Temps:          1       0       0       0       0       0       0       0
      Totals:         1       5       0       0       0       0       0       0
Total ram usage:        6 bytes
 Hardware stack levels used:    1
 Hardware stack levels required when called:    4
 This function calls:
		___almod
		___aldiv
		___awmod
		_dylen
 This function is called by:
		_localtime
 This function uses a non-reentrant model


 *************** function _dylen *****************
 Defined at:
		line 23 in file "../../common/ctime.c"
 Parameters:    Size  Location     Type
  yr              2    7[COMMON] unsigned int 
 Auto vars:     Size  Location     Type
		None
 Return value:  Size  Location     Type
                  2    7[COMMON] int 
 Registers used:
		wreg, status,2, status,0, pclath, cstack
 Tracked objects:
		On entry : 
		On exit  : 
		Unchanged: 
 Data sizes:     COMMON   BANK0   BANK1   BANK2   BANK3   BANK4   BANK5   BANK6
      Params:         2       0       0       0       0       0       0       0
      Locals:         0       0       0       0       0       0       0       0
      Temps:          0       0       0       0       0       0       0       0
      Totals:         2       0       0       0       0       0       0       0
Total ram usage:        2 bytes
 Hardware stack levels used:    1
 Hardware stack levels required when called:    3
 This function calls:
		___lwmod
 This function is called by:
		_gmtime
 This function uses a non-reentrant model


 *************** function _asctime *****************
 Defined at:
		line 77 in file "../../common/ctime.c"
 Parameters:    Size  Location     Type
  tim             1    wreg     PTR const struct tm
		 -> gmtime@tim(18), 
 Auto vars:     Size  Location     Type
  tim             1    4[BANK0 ] PTR const struct tm
		 -> gmtime@tim(18), 
  cp              1    5[BANK0 ] PTR unsigned char 
		 -> asctime@buf(27), 
  s               1    3[BANK0 ] PTR const unsigned char 
		 -> STR_2(37), STR_1(22), 
 Return value:  Size  Location     Type
                  1    wreg      PTR unsigned char 
 Registers used:
		wreg, fsr1l, fsr1h, status,2, status,0, pclath, cstack
 Tracked objects:
		On entry : 
		On exit  : 
		Unchanged: 
 Data sizes:     COMMON   BANK0   BANK1   BANK2   BANK3   BANK4   BANK5   BANK6
      Params:         0       0       0       0       0       0       0       0
      Locals:         0       3       0       0       0       0       0       0
      Temps:          0       0       0       0       0       0       0       0
      Totals:         0       3       0       0       0       0       0       0
Total ram usage:        3 bytes
 Hardware stack levels used:    1
 Hardware stack levels required when called:    4
 This function calls:
		___bmul
		_put2d
		___awdiv
		___awmod
 This function is called by:
		_ctime
 This function uses a non-reentrant model


 *************** function _put2d *****************
 Defined at:
		line 12 in file "../../common/ctime.c"
 Parameters:    Size  Location     Type
  cp              1    wreg     PTR unsigned char 
		 -> asctime@buf(27), 
  i               1    0[BANK0 ] unsigned char 
  cl              1    1[BANK0 ] unsigned char 
  ct              1    2[BANK0 ] unsigned char 
 Auto vars:     Size  Location     Type
  cp              1   10[COMMON] PTR unsigned char 
		 -> asctime@buf(27), 
 Return value:  Size  Location     Type
                  2    0[BANK0 ] int 
 Registers used:
		wreg, fsr1l, fsr1h, status,2, status,0, pclath, cstack
 Tracked objects:
		On entry : 
		On exit  : 
		Unchanged: 
 Data sizes:     COMMON   BANK0   BANK1   BANK2   BANK3   BANK4   BANK5   BANK6
      Params:         0       3       0       0       0       0       0       0
      Locals:         1       0       0       0       0       0       0       0
      Temps:          0       0       0       0       0       0       0       0
      Totals:         1       3       0       0       0       0       0       0
Total ram usage:        4 bytes
 Hardware stack levels used:    1
 Hardware stack levels required when called:    3
 This function calls:
		___lbmod
		___lbdiv
 This function is called by:
		_asctime
 This function uses a non-reentrant model


 *************** function ___bmul *****************
 Defined at:
		line 3 in file "C:\Program Files (x86)\Microchip\xc8\v1.12\sources\bmul.c"
 Parameters:    Size  Location     Type
  multiplier      1    wreg     unsigned char 
  multiplicand    1    2[COMMON] unsigned char 
 Auto vars:     Size  Location     Type
  multiplier      1    4[COMMON] unsigned char 
  product         1    3[COMMON] unsigned char 
 Return value:  Size  Location     Type
                  1    wreg      unsigned char 
 Registers used:
		wreg, status,2, status,0
 Tracked objects:
		On entry : 
		On exit  : 
		Unchanged: 
 Data sizes:     COMMON   BANK0   BANK1   BANK2   BANK3   BANK4   BANK5   BANK6
      Params:         1       0       0       0       0       0       0       0
      Locals:         2       0       0       0       0       0       0       0
      Temps:          0       0       0       0       0       0       0       0
      Totals:         3       0       0       0       0       0       0       0
Total ram usage:        3 bytes
 Hardware stack levels used:    1
 Hardware stack levels required when called:    2
 This function calls:
		Nothing
 This function is called by:
		_asctime
 This function uses a non-reentrant model


 *************** function ___lwmod *****************
 Defined at:
		line 5 in file "C:\Program Files (x86)\Microchip\xc8\v1.12\sources\lwmod.c"
 Parameters:    Size  Location     Type
  divisor         2    2[COMMON] unsigned int 
  dividend        2    4[COMMON] unsigned int 
 Auto vars:     Size  Location     Type
  counter         1    6[COMMON] unsigned char 
 Return value:  Size  Location     Type
                  2    2[COMMON] unsigned int 
 Registers used:
		wreg, status,2, status,0
 Tracked objects:
		On entry : 
		On exit  : 
		Unchanged: 
 Data sizes:     COMMON   BANK0   BANK1   BANK2   BANK3   BANK4   BANK5   BANK6
      Params:         4       0       0       0       0       0       0       0
      Locals:         1       0       0       0       0       0       0       0
      Temps:          0       0       0       0       0       0       0       0
      Totals:         5       0       0       0       0       0       0       0
Total ram usage:        5 bytes
 Hardware stack levels used:    1
 Hardware stack levels required when called:    2
 This function calls:
		Nothing
 This function is called by:
		_dylen
 This function uses a non-reentrant model


 *************** function ___lbdiv *****************
 Defined at:
		line 5 in file "C:\Program Files (x86)\Microchip\xc8\v1.12\sources\lbdiv.c"
 Parameters:    Size  Location     Type
  dividend        1    wreg     unsigned char 
  divisor         1    2[COMMON] unsigned char 
 Auto vars:     Size  Location     Type
  dividend        1    3[COMMON] unsigned char 
  quotient        1    5[COMMON] unsigned char 
  counter         1    4[COMMON] unsigned char 
 Return value:  Size  Location     Type
                  1    wreg      unsigned char 
 Registers used:
		wreg, status,2, status,0
 Tracked objects:
		On entry : 
		On exit  : 
		Unchanged: 
 Data sizes:     COMMON   BANK0   BANK1   BANK2   BANK3   BANK4   BANK5   BANK6
      Params:         1       0       0       0       0       0       0       0
      Locals:         3       0       0       0       0       0       0       0
      Temps:          0       0       0       0       0       0       0       0
      Totals:         4       0       0       0       0       0       0       0
Total ram usage:        4 bytes
 Hardware stack levels used:    1
 Hardware stack levels required when called:    2
 This function calls:
		Nothing
 This function is called by:
		_put2d
 This function uses a non-reentrant model


 *************** function ___lbmod *****************
 Defined at:
		line 5 in file "C:\Program Files (x86)\Microchip\xc8\v1.12\sources\lbmod.c"
 Parameters:    Size  Location     Type
  dividend        1    wreg     unsigned char 
  divisor         1    2[COMMON] unsigned char 
 Auto vars:     Size  Location     Type
  dividend        1    4[COMMON] unsigned char 
  rem             1    6[COMMON] unsigned char 
  counter         1    5[COMMON] unsigned char 
 Return value:  Size  Location     Type
                  1    wreg      unsigned char 
 Registers used:
		wreg, status,2, status,0
 Tracked objects:
		On entry : 
		On exit  : 
		Unchanged: 
 Data sizes:     COMMON   BANK0   BANK1   BANK2   BANK3   BANK4   BANK5   BANK6
      Params:         1       0       0       0       0       0       0       0
      Locals:         3       0       0       0       0       0       0       0
      Temps:          1       0       0       0       0       0       0       0
      Totals:         5       0       0       0       0       0       0       0
Total ram usage:        5 bytes
 Hardware stack levels used:    1
 Hardware stack levels required when called:    2
 This function calls:
		Nothing
 This function is called by:
		_put2d
 This function uses a non-reentrant model


 *************** function ___awdiv *****************
 Defined at:
		line 5 in file "C:\Program Files (x86)\Microchip\xc8\v1.12\sources\awdiv.c"
 Parameters:    Size  Location     Type
  divisor         2    2[COMMON] int 
  dividend        2    4[COMMON] int 
 Auto vars:     Size  Location     Type
  quotient        2    8[COMMON] int 
  sign            1    7[COMMON] unsigned char 
  counter         1    6[COMMON] unsigned char 
 Return value:  Size  Location     Type
                  2    2[COMMON] int 
 Registers used:
		wreg, status,2, status,0
 Tracked objects:
		On entry : 
		On exit  : 
		Unchanged: 
 Data sizes:     COMMON   BANK0   BANK1   BANK2   BANK3   BANK4   BANK5   BANK6
      Params:         4       0       0       0       0       0       0       0
      Locals:         4       0       0       0       0       0       0       0
      Temps:          0       0       0       0       0       0       0       0
      Totals:         8       0       0       0       0       0       0       0
Total ram usage:        8 bytes
 Hardware stack levels used:    1
 Hardware stack levels required when called:    2
 This function calls:
		Nothing
 This function is called by:
		_asctime
 This function uses a non-reentrant model


 *************** function ___almod *****************
 Defined at:
		line 5 in file "C:\Program Files (x86)\Microchip\xc8\v1.12\sources\almod.c"
 Parameters:    Size  Location     Type
  divisor         4    2[COMMON] long 
  dividend        4    6[COMMON] long 
 Auto vars:     Size  Location     Type
  sign            1    1[BANK0 ] unsigned char 
  counter         1    0[BANK0 ] unsigned char 
 Return value:  Size  Location     Type
                  4    2[COMMON] long 
 Registers used:
		wreg, status,2, status,0
 Tracked objects:
		On entry : 
		On exit  : 
		Unchanged: 
 Data sizes:     COMMON   BANK0   BANK1   BANK2   BANK3   BANK4   BANK5   BANK6
      Params:         8       0       0       0       0       0       0       0
      Locals:         0       2       0       0       0       0       0       0
      Temps:          0       0       0       0       0       0       0       0
      Totals:         8       2       0       0       0       0       0       0
Total ram usage:       10 bytes
 Hardware stack levels used:    1
 Hardware stack levels required when called:    2
 This function calls:
		Nothing
 This function is called by:
		_gmtime
 This function uses a non-reentrant model


 *************** function ___aldiv *****************
 Defined at:
		line 5 in file "C:\Program Files (x86)\Microchip\xc8\v1.12\sources\aldiv.c"
 Parameters:    Size  Location     Type
  divisor         4    2[COMMON] long 
  dividend        4    6[COMMON] long 
 Auto vars:     Size  Location     Type
  quotient        4    2[BANK0 ] long 
  sign            1    1[BANK0 ] unsigned char 
  counter         1    0[BANK0 ] unsigned char 
 Return value:  Size  Location     Type
                  4    2[COMMON] long 
 Registers used:
		wreg, status,2, status,0
 Tracked objects:
		On entry : 
		On exit  : 
		Unchanged: 
 Data sizes:     COMMON   BANK0   BANK1   BANK2   BANK3   BANK4   BANK5   BANK6
      Params:         8       0       0       0       0       0       0       0
      Locals:         0       6       0       0       0       0       0       0
      Temps:          0       0       0       0       0       0       0       0
      Totals:         8       6       0       0       0       0       0       0
Total ram usage:       14 bytes
 Hardware stack levels used:    1
 Hardware stack levels required when called:    2
 This function calls:
		Nothing
 This function is called by:
		_gmtime
 This function uses a non-reentrant model


 *************** function ___awmod *****************
 Defined at:
		line 5 in file "C:\Program Files (x86)\Microchip\xc8\v1.12\sources\awmod.c"
 Parameters:    Size  Location     Type
  divisor         2    2[COMMON] int 
  dividend        2    4[COMMON] int 
 Auto vars:     Size  Location     Type
  sign            1    7[COMMON] unsigned char 
  counter         1    6[COMMON] unsigned char 
 Return value:  Size  Location     Type
                  2    2[COMMON] int 
 Registers used:
		wreg, status,2, status,0
 Tracked objects:
		On entry : 
		On exit  : 
		Unchanged: 
 Data sizes:     COMMON   BANK0   BANK1   BANK2   BANK3   BANK4   BANK5   BANK6
      Params:         4       0       0       0       0       0       0       0
      Locals:         2       0       0       0       0       0       0       0
      Temps:          0       0       0       0       0       0       0       0
      Totals:         6       0       0       0       0       0       0       0
Total ram usage:        6 bytes
 Hardware stack levels used:    1
 Hardware stack levels required when called:    2
 This function calls:
		Nothing
 This function is called by:
		_gmtime
		_asctime
 This function uses a non-reentrant model


 *************** function _isr *****************
 Defined at:
		line 151 in file "D:\_creatiff\_Projects\pic16f1509\fw\main.c"
 Parameters:    Size  Location     Type
		None
 Auto vars:     Size  Location     Type
  bufer           1    1[COMMON] unsigned char 
 Return value:  Size  Location     Type
		None               void
 Registers used:
		wreg, fsr0l, fsr0h, fsr1l, fsr1h, status,2, status,0, pclath, cstack
 Tracked objects:
		On entry : 
		On exit  : 
		Unchanged: 
 Data sizes:     COMMON   BANK0   BANK1   BANK2   BANK3   BANK4   BANK5   BANK6
      Params:         0       0       0       0       0       0       0       0
      Locals:         1       0       0       0       0       0       0       0
      Temps:          0       0       0       0       0       0       0       0
      Totals:         1       0       0       0       0       0       0       0
Total ram usage:        1 bytes
 Hardware stack levels used:    1
 Hardware stack levels required when called:    1
 This function calls:
		_term
 This function is called by:
		Interrupt level 1
 This function uses a non-reentrant model


 *************** function _term *****************
 Defined at:
		line 213 in file "D:\_creatiff\_Projects\pic16f1509\fw\main.c"
 Parameters:    Size  Location     Type
  t               1    wreg     unsigned char 
 Auto vars:     Size  Location     Type
  t               1    0[COMMON] unsigned char 
 Return value:  Size  Location     Type
		None               void
 Registers used:
		wreg, fsr0l, fsr0h, status,2, status,0
 Tracked objects:
		On entry : 
		On exit  : 
		Unchanged: 
 Data sizes:     COMMON   BANK0   BANK1   BANK2   BANK3   BANK4   BANK5   BANK6
      Params:         0       0       0       0       0       0       0       0
      Locals:         1       0       0       0       0       0       0       0
      Temps:          0       0       0       0       0       0       0       0
      Totals:         1       0       0       0       0       0       0       0
Total ram usage:        1 bytes
 Hardware stack levels used:    1
 This function calls:
		Nothing
 This function is called by:
		_isr
 This function uses a non-reentrant model



MODULE INFORMATION

Module		Function		Class		Link	Load	Size
C:\Program Files (x86)\Microchip\xc8\v1.12\sources\almod.c
		___almod       		CODE           	0353	0000	97

C:\Program Files (x86)\Microchip\xc8\v1.12\sources\almod.c estimated size: 97

C:\Program Files (x86)\Microchip\xc8\v1.12\sources\lbmod.c
		___lbmod       		CODE           	01FB	0000	24

C:\Program Files (x86)\Microchip\xc8\v1.12\sources\lbmod.c estimated size: 24

C:\Program Files (x86)\Microchip\xc8\v1.12\sources\aldiv.c
		___aldiv       		CODE           	02E7	0000	108

C:\Program Files (x86)\Microchip\xc8\v1.12\sources\aldiv.c estimated size: 108

C:\Program Files (x86)\Microchip\xc8\v1.12\sources\lbdiv.c
		___lbdiv       		CODE           	0213	0000	24

C:\Program Files (x86)\Microchip\xc8\v1.12\sources\lbdiv.c estimated size: 24

D:\_creatiff\_Projects\pic16f1509\fw\main.c
		_main          		CODE           	0060	0000	89
		_isr           		CODE           	0004	0000	71
		_term          		CODE           	046D	0000	35

D:\_creatiff\_Projects\pic16f1509\fw\main.c estimated size: 195

shared
		PL12           		CODE           	0246	0000	6
		PL8            		CODE           	0413	0000	9
		PL14           		CODE           	041C	0000	5
		__stringtab    		STRING         	0425	0000	1
		__stringdata   		STRING         	0432	0000	59
		PL16           		CODE           	0421	0000	4
		_moninit       		STRING         	0426	0000	12
		__initializatio		CODE           	004D	0000	17
		PL2            		CODE           	03F9	0000	13
		PL10           		CODE           	0240	0000	6
		PL4            		CODE           	0406	0000	13
		PL6            		CODE           	0238	0000	8

shared estimated size: 153

C:\Program Files (x86)\Microchip\xc8\v1.12\sources\awmod.c
		___awmod       		CODE           	0182	0000	57

C:\Program Files (x86)\Microchip\xc8\v1.12\sources\awmod.c estimated size: 57

../../common/ctime.c
		_gmtime        		CODE           	024C	0000	155
		_put2d         		CODE           	014F	0000	39
		_asctime       		CODE           	00BE	0000	145
		_ctime         		CODE           	00B9	0000	5
		_localtime     		CODE           	022B	0000	13
		_dylen         		CODE           	03B4	0000	37

../../common/ctime.c estimated size: 394

C:\Program Files (x86)\Microchip\xc8\v1.12\sources\lwmod.c
		___lwmod       		CODE           	03D9	0000	32

C:\Program Files (x86)\Microchip\xc8\v1.12\sources\lwmod.c estimated size: 32

C:\Program Files (x86)\Microchip\xc8\v1.12\sources\awdiv.c
		___awdiv       		CODE           	01BB	0000	64

C:\Program Files (x86)\Microchip\xc8\v1.12\sources\awdiv.c estimated size: 64

C:\Program Files (x86)\Microchip\xc8\v1.12\sources\bmul.c
		___bmul        		CODE           	0176	0000	12

C:\Program Files (x86)\Microchip\xc8\v1.12\sources\bmul.c estimated size: 12

